Archive member included because of file (symbol)

c:/program files (x86)/atmel/atmel toolchain/avr8 gcc/native/3.4.2.1002/avr8-gnu-toolchain/bin/../lib/gcc/avr/4.7.2/avr5\libgcc.a(_exit.o)
                              c:/program files (x86)/atmel/atmel toolchain/avr8 gcc/native/3.4.2.1002/avr8-gnu-toolchain/bin/../lib/gcc/avr/4.7.2/../../../../avr/lib/avr5/crtm32.o (exit)
c:/program files (x86)/atmel/atmel toolchain/avr8 gcc/native/3.4.2.1002/avr8-gnu-toolchain/bin/../lib/gcc/avr/4.7.2/avr5\libgcc.a(_clear_bss.o)
                              MCAL/sources/Timer.o (__do_clear_bss)

Discarded input sections

 .bss           0x00000000        0x0 c:/program files (x86)/atmel/atmel toolchain/avr8 gcc/native/3.4.2.1002/avr8-gnu-toolchain/bin/../lib/gcc/avr/4.7.2/../../../../avr/lib/avr5/crtm32.o
 .text          0x00000000        0x0 DynamicDesignProject.o
 .bss           0x00000000        0x0 DynamicDesignProject.o
 .text          0x00000000        0x0 MCAL/sources/DIO.o
 .bss           0x00000000        0x0 MCAL/sources/DIO.o
 .text.DIO_Write
                0x00000000       0xbc MCAL/sources/DIO.o
 .text.DIO_Read
                0x00000000       0x5e MCAL/sources/DIO.o
 .text          0x00000000        0x0 MCAL/sources/Timer.o
 .bss           0x00000000        0x0 MCAL/sources/Timer.o
 .text.Timer_Stop
                0x00000000       0x40 MCAL/sources/Timer.o
 .text.Timer_GetStatus
                0x00000000       0x6e MCAL/sources/Timer.o
 .text.Timer_GetNoOfOVFS
                0x00000000       0x44 MCAL/sources/Timer.o
 .text.Timer_resetNoOfOVFS
                0x00000000       0x2e MCAL/sources/Timer.o
 .text.Timer_GetValue
                0x00000000       0x4e MCAL/sources/Timer.o
 .text          0x00000000        0x0 Services/sources/TMU.o
 .bss           0x00000000        0x0 Services/sources/TMU.o
 .text.TMU_Stop_Timer
                0x00000000       0x74 Services/sources/TMU.o
 .text          0x00000000        0x0 c:/program files (x86)/atmel/atmel toolchain/avr8 gcc/native/3.4.2.1002/avr8-gnu-toolchain/bin/../lib/gcc/avr/4.7.2/avr5\libgcc.a(_exit.o)
 .bss           0x00000000        0x0 c:/program files (x86)/atmel/atmel toolchain/avr8 gcc/native/3.4.2.1002/avr8-gnu-toolchain/bin/../lib/gcc/avr/4.7.2/avr5\libgcc.a(_exit.o)
 .text.libgcc.mul
                0x00000000        0x0 c:/program files (x86)/atmel/atmel toolchain/avr8 gcc/native/3.4.2.1002/avr8-gnu-toolchain/bin/../lib/gcc/avr/4.7.2/avr5\libgcc.a(_exit.o)
 .text.libgcc.div
                0x00000000        0x0 c:/program files (x86)/atmel/atmel toolchain/avr8 gcc/native/3.4.2.1002/avr8-gnu-toolchain/bin/../lib/gcc/avr/4.7.2/avr5\libgcc.a(_exit.o)
 .text.libgcc   0x00000000        0x0 c:/program files (x86)/atmel/atmel toolchain/avr8 gcc/native/3.4.2.1002/avr8-gnu-toolchain/bin/../lib/gcc/avr/4.7.2/avr5\libgcc.a(_exit.o)
 .text.libgcc.prologue
                0x00000000        0x0 c:/program files (x86)/atmel/atmel toolchain/avr8 gcc/native/3.4.2.1002/avr8-gnu-toolchain/bin/../lib/gcc/avr/4.7.2/avr5\libgcc.a(_exit.o)
 .text.libgcc.builtins
                0x00000000        0x0 c:/program files (x86)/atmel/atmel toolchain/avr8 gcc/native/3.4.2.1002/avr8-gnu-toolchain/bin/../lib/gcc/avr/4.7.2/avr5\libgcc.a(_exit.o)
 .text.libgcc.fmul
                0x00000000        0x0 c:/program files (x86)/atmel/atmel toolchain/avr8 gcc/native/3.4.2.1002/avr8-gnu-toolchain/bin/../lib/gcc/avr/4.7.2/avr5\libgcc.a(_exit.o)
 .text          0x00000000        0x0 c:/program files (x86)/atmel/atmel toolchain/avr8 gcc/native/3.4.2.1002/avr8-gnu-toolchain/bin/../lib/gcc/avr/4.7.2/avr5\libgcc.a(_clear_bss.o)
 .bss           0x00000000        0x0 c:/program files (x86)/atmel/atmel toolchain/avr8 gcc/native/3.4.2.1002/avr8-gnu-toolchain/bin/../lib/gcc/avr/4.7.2/avr5\libgcc.a(_clear_bss.o)
 .text.libgcc.mul
                0x00000000        0x0 c:/program files (x86)/atmel/atmel toolchain/avr8 gcc/native/3.4.2.1002/avr8-gnu-toolchain/bin/../lib/gcc/avr/4.7.2/avr5\libgcc.a(_clear_bss.o)
 .text.libgcc.div
                0x00000000        0x0 c:/program files (x86)/atmel/atmel toolchain/avr8 gcc/native/3.4.2.1002/avr8-gnu-toolchain/bin/../lib/gcc/avr/4.7.2/avr5\libgcc.a(_clear_bss.o)
 .text.libgcc   0x00000000        0x0 c:/program files (x86)/atmel/atmel toolchain/avr8 gcc/native/3.4.2.1002/avr8-gnu-toolchain/bin/../lib/gcc/avr/4.7.2/avr5\libgcc.a(_clear_bss.o)
 .text.libgcc.prologue
                0x00000000        0x0 c:/program files (x86)/atmel/atmel toolchain/avr8 gcc/native/3.4.2.1002/avr8-gnu-toolchain/bin/../lib/gcc/avr/4.7.2/avr5\libgcc.a(_clear_bss.o)
 .text.libgcc.builtins
                0x00000000        0x0 c:/program files (x86)/atmel/atmel toolchain/avr8 gcc/native/3.4.2.1002/avr8-gnu-toolchain/bin/../lib/gcc/avr/4.7.2/avr5\libgcc.a(_clear_bss.o)
 .text.libgcc.fmul
                0x00000000        0x0 c:/program files (x86)/atmel/atmel toolchain/avr8 gcc/native/3.4.2.1002/avr8-gnu-toolchain/bin/../lib/gcc/avr/4.7.2/avr5\libgcc.a(_clear_bss.o)

Memory Configuration

Name             Origin             Length             Attributes
text             0x00000000         0x00020000         xr
data             0x00800060         0x0000ffa0         rw !x
eeprom           0x00810000         0x00010000         rw !x
fuse             0x00820000         0x00000400         rw !x
lock             0x00830000         0x00000400         rw !x
signature        0x00840000         0x00000400         rw !x
user_signatures  0x00850000         0x00000400         rw !x
*default*        0x00000000         0xffffffff

Linker script and memory map

LOAD c:/program files (x86)/atmel/atmel toolchain/avr8 gcc/native/3.4.2.1002/avr8-gnu-toolchain/bin/../lib/gcc/avr/4.7.2/../../../../avr/lib/avr5/crtm32.o
LOAD DynamicDesignProject.o
LOAD MCAL/sources/DIO.o
LOAD MCAL/sources/Timer.o
LOAD Services/sources/TMU.o
START GROUP
LOAD c:/program files (x86)/atmel/atmel toolchain/avr8 gcc/native/3.4.2.1002/avr8-gnu-toolchain/bin/../lib/gcc/avr/4.7.2/../../../../avr/lib/avr5\libm.a
END GROUP
LOAD c:/program files (x86)/atmel/atmel toolchain/avr8 gcc/native/3.4.2.1002/avr8-gnu-toolchain/bin/../lib/gcc/avr/4.7.2/avr5\libgcc.a
LOAD c:/program files (x86)/atmel/atmel toolchain/avr8 gcc/native/3.4.2.1002/avr8-gnu-toolchain/bin/../lib/gcc/avr/4.7.2/../../../../avr/lib/avr5\libc.a
LOAD c:/program files (x86)/atmel/atmel toolchain/avr8 gcc/native/3.4.2.1002/avr8-gnu-toolchain/bin/../lib/gcc/avr/4.7.2/avr5\libgcc.a

.hash
 *(.hash)

.dynsym
 *(.dynsym)

.dynstr
 *(.dynstr)

.gnu.version
 *(.gnu.version)

.gnu.version_d
 *(.gnu.version_d)

.gnu.version_r
 *(.gnu.version_r)

.rel.init
 *(.rel.init)

.rela.init
 *(.rela.init)

.rel.text
 *(.rel.text)
 *(.rel.text.*)
 *(.rel.gnu.linkonce.t*)

.rela.text
 *(.rela.text)
 *(.rela.text.*)
 *(.rela.gnu.linkonce.t*)

.rel.fini
 *(.rel.fini)

.rela.fini
 *(.rela.fini)

.rel.rodata
 *(.rel.rodata)
 *(.rel.rodata.*)
 *(.rel.gnu.linkonce.r*)

.rela.rodata
 *(.rela.rodata)
 *(.rela.rodata.*)
 *(.rela.gnu.linkonce.r*)

.rel.data
 *(.rel.data)
 *(.rel.data.*)
 *(.rel.gnu.linkonce.d*)

.rela.data
 *(.rela.data)
 *(.rela.data.*)
 *(.rela.gnu.linkonce.d*)

.rel.ctors
 *(.rel.ctors)

.rela.ctors
 *(.rela.ctors)

.rel.dtors
 *(.rel.dtors)

.rela.dtors
 *(.rela.dtors)

.rel.got
 *(.rel.got)

.rela.got
 *(.rela.got)

.rel.bss
 *(.rel.bss)

.rela.bss
 *(.rela.bss)

.rel.plt
 *(.rel.plt)

.rela.plt
 *(.rela.plt)

.text           0x00000000      0x780
 *(.vectors)
 .vectors       0x00000000       0x54 c:/program files (x86)/atmel/atmel toolchain/avr8 gcc/native/3.4.2.1002/avr8-gnu-toolchain/bin/../lib/gcc/avr/4.7.2/../../../../avr/lib/avr5/crtm32.o
                0x00000000                __vector_default
                0x00000000                __vectors
 *(.vectors)
 *(.progmem.gcc*)
 *(.progmem*)
                0x00000054                . = ALIGN (0x2)
                0x00000054                __trampolines_start = .
 *(.trampolines)
 .trampolines   0x00000054        0x0 linker stubs
 *(.trampolines*)
                0x00000054                __trampolines_end = .
 *(.jumptables)
 *(.jumptables*)
 *(.lowtext)
 *(.lowtext*)
                0x00000054                __ctors_start = .
 *(.ctors)
                0x00000054                __ctors_end = .
                0x00000054                __dtors_start = .
 *(.dtors)
                0x00000054                __dtors_end = .
 SORT(*)(.ctors)
 SORT(*)(.dtors)
 *(.init0)
 .init0         0x00000054        0x0 c:/program files (x86)/atmel/atmel toolchain/avr8 gcc/native/3.4.2.1002/avr8-gnu-toolchain/bin/../lib/gcc/avr/4.7.2/../../../../avr/lib/avr5/crtm32.o
                0x00000054                __init
 *(.init0)
 *(.init1)
 *(.init1)
 *(.init2)
 .init2         0x00000054        0xc c:/program files (x86)/atmel/atmel toolchain/avr8 gcc/native/3.4.2.1002/avr8-gnu-toolchain/bin/../lib/gcc/avr/4.7.2/../../../../avr/lib/avr5/crtm32.o
 *(.init2)
 *(.init3)
 *(.init3)
 *(.init4)
 .init4         0x00000060       0x10 c:/program files (x86)/atmel/atmel toolchain/avr8 gcc/native/3.4.2.1002/avr8-gnu-toolchain/bin/../lib/gcc/avr/4.7.2/avr5\libgcc.a(_clear_bss.o)
                0x00000060                __do_clear_bss
 *(.init4)
 *(.init5)
 *(.init5)
 *(.init6)
 *(.init6)
 *(.init7)
 *(.init7)
 *(.init8)
 *(.init8)
 *(.init9)
 .init9         0x00000070        0x8 c:/program files (x86)/atmel/atmel toolchain/avr8 gcc/native/3.4.2.1002/avr8-gnu-toolchain/bin/../lib/gcc/avr/4.7.2/../../../../avr/lib/avr5/crtm32.o
 *(.init9)
 *(.text)
 .text          0x00000078        0x4 c:/program files (x86)/atmel/atmel toolchain/avr8 gcc/native/3.4.2.1002/avr8-gnu-toolchain/bin/../lib/gcc/avr/4.7.2/../../../../avr/lib/avr5/crtm32.o
                0x00000078                __vector_1
                0x00000078                __vector_12
                0x00000078                __bad_interrupt
                0x00000078                __vector_6
                0x00000078                __vector_3
                0x00000078                __vector_13
                0x00000078                __vector_17
                0x00000078                __vector_19
                0x00000078                __vector_7
                0x00000078                __vector_5
                0x00000078                __vector_9
                0x00000078                __vector_2
                0x00000078                __vector_15
                0x00000078                __vector_8
                0x00000078                __vector_14
                0x00000078                __vector_10
                0x00000078                __vector_16
                0x00000078                __vector_18
                0x00000078                __vector_20
                0x0000007c                . = ALIGN (0x2)
 *(.text.*)
 .text.Consumer3
                0x0000007c        0xa DynamicDesignProject.o
                0x0000007c                Consumer3
 .text.Consumer2
                0x00000086        0xa DynamicDesignProject.o
                0x00000086                Consumer2
 .text.Consumer1
                0x00000090        0xa DynamicDesignProject.o
                0x00000090                Consumer1
 .text.main     0x0000009a       0xc6 DynamicDesignProject.o
                0x0000009a                main
 .text.DIO_init
                0x00000160       0xe4 MCAL/sources/DIO.o
                0x00000160                DIO_init
 .text.DIO_Toggle
                0x00000244       0x4a MCAL/sources/DIO.o
                0x00000244                DIO_Toggle
 .text.__vector_11
                0x0000028e       0x4a MCAL/sources/Timer.o
                0x0000028e                __vector_11
 .text.__vector_4
                0x000002d8       0x52 MCAL/sources/Timer.o
                0x000002d8                __vector_4
 .text.Timer_Init
                0x0000032a      0x1ba MCAL/sources/Timer.o
                0x0000032a                Timer_Init
 .text.Timer_Start
                0x000004e4       0x76 MCAL/sources/Timer.o
                0x000004e4                Timer_Start
 .text.TMU_CheckFlag
                0x0000055a        0x8 Services/sources/TMU.o
 .text.TMU_Init
                0x00000562       0x76 Services/sources/TMU.o
                0x00000562                TMU_Init
 .text.TMU_DeInit
                0x000005d8       0x2e Services/sources/TMU.o
                0x000005d8                TMU_DeInit
 .text.TMU_Start_Timer
                0x00000606       0xda Services/sources/TMU.o
                0x00000606                TMU_Start_Timer
 .text.TMU_Dispatcher
                0x000006e0       0x9c Services/sources/TMU.o
                0x000006e0                TMU_Dispatcher
                0x0000077c                . = ALIGN (0x2)
 *(.fini9)
 .fini9         0x0000077c        0x0 c:/program files (x86)/atmel/atmel toolchain/avr8 gcc/native/3.4.2.1002/avr8-gnu-toolchain/bin/../lib/gcc/avr/4.7.2/avr5\libgcc.a(_exit.o)
                0x0000077c                _exit
                0x0000077c                exit
 *(.fini9)
 *(.fini8)
 *(.fini8)
 *(.fini7)
 *(.fini7)
 *(.fini6)
 *(.fini6)
 *(.fini5)
 *(.fini5)
 *(.fini4)
 *(.fini4)
 *(.fini3)
 *(.fini3)
 *(.fini2)
 *(.fini2)
 *(.fini1)
 *(.fini1)
 *(.fini0)
 .fini0         0x0000077c        0x4 c:/program files (x86)/atmel/atmel toolchain/avr8 gcc/native/3.4.2.1002/avr8-gnu-toolchain/bin/../lib/gcc/avr/4.7.2/avr5\libgcc.a(_exit.o)
 *(.fini0)
                0x00000780                _etext = .

.data           0x00800060        0x0 load address 0x00000780
                0x00800060                PROVIDE (__data_start, .)
 *(.data)
 .data          0x00800060        0x0 c:/program files (x86)/atmel/atmel toolchain/avr8 gcc/native/3.4.2.1002/avr8-gnu-toolchain/bin/../lib/gcc/avr/4.7.2/../../../../avr/lib/avr5/crtm32.o
 .data          0x00800060        0x0 DynamicDesignProject.o
 .data          0x00800060        0x0 MCAL/sources/DIO.o
 .data          0x00800060        0x0 MCAL/sources/Timer.o
 .data          0x00800060        0x0 Services/sources/TMU.o
 .data          0x00800060        0x0 c:/program files (x86)/atmel/atmel toolchain/avr8 gcc/native/3.4.2.1002/avr8-gnu-toolchain/bin/../lib/gcc/avr/4.7.2/avr5\libgcc.a(_exit.o)
 .data          0x00800060        0x0 c:/program files (x86)/atmel/atmel toolchain/avr8 gcc/native/3.4.2.1002/avr8-gnu-toolchain/bin/../lib/gcc/avr/4.7.2/avr5\libgcc.a(_clear_bss.o)
 *(.data*)
 *(.rodata)
 *(.rodata*)
 *(.gnu.linkonce.d*)
                0x00800060                . = ALIGN (0x2)
                0x00800060                _edata = .
                0x00800060                PROVIDE (__data_end, .)

.bss            0x00800060       0xdc
                0x00800060                PROVIDE (__bss_start, .)
 *(.bss)
 *(.bss*)
 .bss.gu32_NoOfOvfs0
                0x00800060        0x4 MCAL/sources/Timer.o
 .bss.CTC2_CallBack_Fun
                0x00800064        0x2 MCAL/sources/Timer.o
 .bss.gu8_T0PrescaleMask
                0x00800066        0x1 MCAL/sources/Timer.o
 .bss.gu8_T1PrescaleMask
                0x00800067        0x1 MCAL/sources/Timer.o
 .bss.gu8_T2PrescaleMask
                0x00800068        0x1 MCAL/sources/Timer.o
 .bss.gu8_InitFlag
                0x00800069        0x1 Services/sources/TMU.o
 .bss.gstr_TimerCfg
                0x0080006a        0x6 Services/sources/TMU.o
 .bss.gstr_TMUcfg
                0x00800070        0x2 Services/sources/TMU.o
 .bss.gu8_ISR_Flag
                0x00800072        0x1 Services/sources/TMU.o
 .bss.gstr_TasksBuffer
                0x00800073       0xc8 Services/sources/TMU.o
 .bss.gu8_StartedFlag
                0x0080013b        0x1 Services/sources/TMU.o
 *(COMMON)
                0x0080013c                PROVIDE (__bss_end, .)
                0x00000780                __data_load_start = LOADADDR (.data)
                0x00000780                __data_load_end = (__data_load_start + SIZEOF (.data))

.noinit         0x0080013c        0x0
                0x0080013c                PROVIDE (__noinit_start, .)
 *(.noinit*)
                0x0080013c                PROVIDE (__noinit_end, .)
                0x0080013c                _end = .
                0x0080013c                PROVIDE (__heap_start, .)

.eeprom         0x00810000        0x0
 *(.eeprom*)
                0x00810000                __eeprom_end = .

.fuse
 *(.fuse)
 *(.lfuse)
 *(.hfuse)
 *(.efuse)

.lock
 *(.lock*)

.signature
 *(.signature*)

.user_signatures
 *(.user_signatures*)

.stab           0x00000000      0x6cc
 *(.stab)
 .stab          0x00000000      0x6cc c:/program files (x86)/atmel/atmel toolchain/avr8 gcc/native/3.4.2.1002/avr8-gnu-toolchain/bin/../lib/gcc/avr/4.7.2/../../../../avr/lib/avr5/crtm32.o

.stabstr        0x00000000       0x97
 *(.stabstr)
 .stabstr       0x00000000       0x97 c:/program files (x86)/atmel/atmel toolchain/avr8 gcc/native/3.4.2.1002/avr8-gnu-toolchain/bin/../lib/gcc/avr/4.7.2/../../../../avr/lib/avr5/crtm32.o

.stab.excl
 *(.stab.excl)

.stab.exclstr
 *(.stab.exclstr)

.stab.index
 *(.stab.index)

.stab.indexstr
 *(.stab.indexstr)

.comment        0x00000000       0x2f
 *(.comment)
 .comment       0x00000000       0x2f DynamicDesignProject.o
                                 0x30 (size before relaxing)
 .comment       0x00000000       0x30 MCAL/sources/DIO.o
 .comment       0x00000000       0x30 MCAL/sources/Timer.o
 .comment       0x00000000       0x30 Services/sources/TMU.o

.debug
 *(.debug)

.line
 *(.line)

.debug_srcinfo
 *(.debug_srcinfo)

.debug_sfnames
 *(.debug_sfnames)

.debug_aranges  0x00000000      0x118
 *(.debug_aranges)
 .debug_aranges
                0x00000000       0x38 DynamicDesignProject.o
 .debug_aranges
                0x00000038       0x38 MCAL/sources/DIO.o
 .debug_aranges
                0x00000070       0x60 MCAL/sources/Timer.o
 .debug_aranges
                0x000000d0       0x48 Services/sources/TMU.o

.debug_pubnames
 *(.debug_pubnames)

.debug_info     0x00000000      0xcdb
 *(.debug_info)
 .debug_info    0x00000000      0x3a0 DynamicDesignProject.o
 .debug_info    0x000003a0      0x1ef MCAL/sources/DIO.o
 .debug_info    0x0000058f      0x36f MCAL/sources/Timer.o
 .debug_info    0x000008fe      0x3dd Services/sources/TMU.o
 *(.gnu.linkonce.wi.*)

.debug_abbrev   0x00000000      0x4be
 *(.debug_abbrev)
 .debug_abbrev  0x00000000      0x12a DynamicDesignProject.o
 .debug_abbrev  0x0000012a       0xe0 MCAL/sources/DIO.o
 .debug_abbrev  0x0000020a      0x119 MCAL/sources/Timer.o
 .debug_abbrev  0x00000323      0x19b Services/sources/TMU.o

.debug_line     0x00000000      0x60c
 *(.debug_line)
 .debug_line    0x00000000       0xdf DynamicDesignProject.o
 .debug_line    0x000000df      0x189 MCAL/sources/DIO.o
 .debug_line    0x00000268      0x221 MCAL/sources/Timer.o
 .debug_line    0x00000489      0x183 Services/sources/TMU.o

.debug_frame    0x00000000      0x260
 *(.debug_frame)
 .debug_frame   0x00000000       0x64 DynamicDesignProject.o
 .debug_frame   0x00000064       0x54 MCAL/sources/DIO.o
 .debug_frame   0x000000b8      0x10c MCAL/sources/Timer.o
 .debug_frame   0x000001c4       0x9c Services/sources/TMU.o

.debug_str      0x00000000      0x4b4
 *(.debug_str)
 .debug_str     0x00000000      0x21c DynamicDesignProject.o
                                0x243 (size before relaxing)
 .debug_str     0x0000021c       0x49 MCAL/sources/DIO.o
                                0x167 (size before relaxing)
 .debug_str     0x00000265      0x174 MCAL/sources/Timer.o
                                0x288 (size before relaxing)
 .debug_str     0x000003d9       0xdb Services/sources/TMU.o
                                0x2e9 (size before relaxing)

.debug_loc      0x00000000      0xb6a
 *(.debug_loc)
 .debug_loc     0x00000000       0x47 DynamicDesignProject.o
 .debug_loc     0x00000047      0x466 MCAL/sources/DIO.o
 .debug_loc     0x000004ad      0x3c5 MCAL/sources/Timer.o
 .debug_loc     0x00000872      0x2f8 Services/sources/TMU.o

.debug_macinfo
 *(.debug_macinfo)

.debug_pubtypes
 *(.debug_pubtypes)

.debug_ranges   0x00000000       0xd8
 *(.debug_ranges)
 .debug_ranges  0x00000000       0x28 DynamicDesignProject.o
 .debug_ranges  0x00000028       0x28 MCAL/sources/DIO.o
 .debug_ranges  0x00000050       0x50 MCAL/sources/Timer.o
 .debug_ranges  0x000000a0       0x38 Services/sources/TMU.o

.debug_macro
 *(.debug_macro)
OUTPUT(DynamicDesignProject.elf elf32-avr)
LOAD linker stubs
